[Plugins] Plugin loaded: browser_agent (browser_agent.py)
[Plugins] Plugin loaded: file_manager (file_manager.py)
[Plugins] Plugin loaded: news_provider (news_provider.py)
[Plugins] Plugin loaded: nutrition_tracker (nutrition_tracker.py)
[Plugins] Plugin loaded: phone_camera (phone_camera.py)
[Plugins] Plugin loaded: pomodoro (pomodoro.py)
[Plugins] Plugin loaded: screen_guide (screen_guide.py)
[Plugins] Plugin loaded: shopping_agent (shopping_agent.py)
[Plugins] Plugin loaded: todo_list (todo_list.py)
[Plugins] Plugin loaded: whatsapp_auto_reply (whatsapp_auto_reply.py)
[Plugins] Plugin discovery complete: 10 active, 0 rejected, 10 total.
============================================================
Creating Dashboard...
============================================================
============================================================
Dashboard Task Created
============================================================
[JARVIS] Connecting...
============================================================
Dashboard serve() called
============================================================
[Dashboard] https://10.86.196.121:8000
[Discovery] Started
[Dashboard] Press 'Remote Control' in JARVIS UI to get the QR code.
[Dashboard] Manual entry:  10.86.196.121:8001  (type in browser, accept cert once)
============================================================
Starting Uvicorn Server...
IP   : 10.86.196.121
PORT : 8000
============================================================
[Audio] input: host API delivered 0 frames in 350 ms — skipping it
[JARVIS] Connected.
[JARVIS] 🎤 Mic started
[JARVIS] 🎤 Mic stream open
[JARVIS] 👂 Recv started
[JARVIS] 🔊 Play started
[Audio] input: using mme (2 devices)
[Audio] output: host API reports success but moves no audio (0 ms for 600 ms) — skipping it
[Audio] output: using mme (2 devices)
[Audio] 2 input / 2 output devices found
Warning: there are non-data parts in the response: ['text', 'thought'], returning concatenated data result from data parts, check out the non data parts for full response from model.
[JARVIS] 📞 save_memory
[JARVIS] 🔧 save_memory  {'category': 'identity', 'value': 'Hindi', 'key': 'language'}
[TriggerDetector] Input: 'identity Hindi language'
[TriggerDetector] Normalized: 'identity hindi language'
[TriggerDetector] Stage 1: Pattern matching...
[TriggerDetector] Stage 1: No pattern matched
[TriggerDetector] Stage 2: Tool name check...
[TriggerDetector] Stage 2: No tool matched
[TriggerDetector] Stage 3: Keyword check...
[TriggerDetector] Matched Keywords: [] (count: 0)
[TriggerDetector] Stage 3: Insufficient keywords (need >= 2)
[TriggerDetector] Stage 4: AI semantic analysis...
[TriggerDetector] Input: 'identity Hindi language'
[TriggerDetector] Normalized: 'identity hindi language'
[TriggerDetector] Stage 1: Pattern matching...
[TriggerDetector] Stage 1: No pattern matched
[TriggerDetector] Stage 2: Tool name check...
[TriggerDetector] Stage 2: No tool matched
[TriggerDetector] Stage 3: Keyword check...
[TriggerDetector] Matched Keywords: [] (count: 0)
[TriggerDetector] Stage 3: Insufficient keywords (need >= 2)
[TriggerDetector] Stage 4: AI semantic analysis...
[Memory] 💾 save_memory: identity/language = Hindi
[JARVIS] 📞 self_engineer
[JARVIS] 🔧 self_engineer  {'action': 'analyze'}
[TriggerDetector] Input: 'analyze'
[TriggerDetector] Normalized: 'analyze'
[TriggerDetector] Stage 1: Pattern matching...
[TriggerDetector] Stage 1: No pattern matched
[TriggerDetector] Stage 2: Tool name check...
[TriggerDetector] Stage 2: No tool matched
[TriggerDetector] Stage 3: Keyword check...
[TriggerDetector] Matched Keywords: [] (count: 0)
[TriggerDetector] Stage 3: Insufficient keywords (need >= 2)
[TriggerDetector] Stage 4: AI semantic analysis...
[JARVIS] 🤖 Self-improvement trigger detected: general (confidence: 0.75)
[Self-Engineering] [  5%] [Trigger Detection] Starting autonomous self-engineering pipeline
[StatusReporter] Memory output failed: cannot import name 'update_memory' from 'memory' (C:\Aditya\Python\AI\Jarvis\memory\__init__.py)
[Self-Engineering] [  5%] [Trigger Detection] Detecting self-improvement intent
[StatusReporter] Memory output failed: cannot import name 'update_memory' from 'memory' (C:\Aditya\Python\AI\Jarvis\memory\__init__.py)
[TriggerDetector] Input: 'analyze'
[TriggerDetector] Normalized: 'analyze'
[TriggerDetector] Stage 1: Pattern matching...
[TriggerDetector] Stage 1: No pattern matched
[TriggerDetector] Stage 2: Tool name check...
[TriggerDetector] Stage 2: No tool matched
[TriggerDetector] Stage 3: Keyword check...
[TriggerDetector] Matched Keywords: [] (count: 0)
[TriggerDetector] Stage 3: Insufficient keywords (need >= 2)
[TriggerDetector] Stage 4: AI semantic analysis...
[Self-Engineering] [ 10%] [Trigger Detection] No self-improvement intent detected
[StatusReporter] Memory output failed: cannot import name 'update_memory' from 'memory' (C:\Aditya\Python\AI\Jarvis\memory\__init__.py)
[JARVIS] ❌ Recv: 1006 None. abnormal closure [internal]
Traceback (most recent call last):
  File "C:\Program Files\Python314\Lib\asyncio\windows_events.py", line 463, in finish_socket_func
    return ov.getresult()
           ~~~~~~~~~~~~^^
OSError: [WinError 64] The specified network name is no longer available

During handling of the above exception, another exception occurred:

Traceback (most recent call last):
  File "C:\Program Files\Python314\Lib\asyncio\proactor_events.py", line 383, in _loop_writing
    f.result()
    ~~~~~~~~^^
  File "C:\Program Files\Python314\Lib\asyncio\windows_events.py", line 807, in _poll
    value = callback(transferred, key, ov)
  File "C:\Program Files\Python314\Lib\asyncio\windows_events.py", line 467, in finish_socket_func
    raise ConnectionResetError(*exc.args)
ConnectionResetError: [WinError 64] The specified network name is no longer available

The above exception was the direct cause of the following exception:

Traceback (most recent call last):
  File "C:\Users\Mr Aditya\AppData\Roaming\Python\Python314\site-packages\google\genai\live.py", line 527, in _receive
    raw_response = await self._ws.recv(decode=False)
                   ^^^^^^^^^^^^^^^^^^^^^^^^^^^^^^^^^
  File "C:\Users\Mr Aditya\AppData\Roaming\Python\Python314\site-packages\websockets\asyncio\connection.py", line 324, in recv
    raise self.protocol.close_exc from self.recv_exc
websockets.exceptions.ConnectionClosedError: no close frame received or sent

During handling of the above exception, another exception occurred:

Traceback (most recent call last):
  File "C:\Aditya\Python\AI\Jarvis\main.py", line 1500, in _receive_audio
    async for response in self.session.receive():
    ...<126 lines>...
            tg_task.add_done_callback(self._pending_tool_tasks.discard)
  File "C:\Users\Mr Aditya\AppData\Roaming\Python\Python314\site-packages\google\genai\live.py", line 446, in receive
    while result := await self._receive():
                    ^^^^^^^^^^^^^^^^^^^^^
  File "C:\Users\Mr Aditya\AppData\Roaming\Python\Python314\site-packages\google\genai\live.py", line 537, in _receive
    errors.APIError.raise_error(code, reason, None)
    ~~~~~~~~~~~~~~~~~~~~~~~~~~~^^^^^^^^^^^^^^^^^^^^
  File "C:\Users\Mr Aditya\AppData\Roaming\Python\Python314\site-packages\google\genai\errors.py", line 188, in raise_error
    raise cls(status_code, response_json, response)
google.genai.errors.APIError: 1006 None. abnormal closure [internal]
[JARVIS] Error (ExceptionGroup): unhandled errors in a TaskGroup (2 sub-exceptions)
  + Exception Group Traceback (most recent call last):
  |   File "C:\Aditya\Python\AI\Jarvis\main.py", line 1929, in run
  |     asyncio.TaskGroup() as tg,
  |     ~~~~~~~~~~~~~~~~~^^
  |   File "C:\Program Files\Python314\Lib\asyncio\taskgroups.py", line 72, in __aexit__
  |     return await self._aexit(et, exc)
  |            ^^^^^^^^^^^^^^^^^^^^^^^^^^
  |   File "C:\Program Files\Python314\Lib\asyncio\taskgroups.py", line 174, in _aexit
  |     raise BaseExceptionGroup(
  |     ...<2 lines>...
  |     ) from None
  | ExceptionGroup: unhandled errors in a TaskGroup (2 sub-exceptions)
  +-+---------------- 1 ----------------
    | Traceback (most recent call last):
    |   File "C:\Users\Mr Aditya\AppData\Roaming\Python\Python314\site-packages\google\genai\live.py", line 527, in _receive
    |     raw_response = await self._ws.recv(decode=False)
    |                    ^^^^^^^^^^^^^^^^^^^^^^^^^^^^^^^^^
    |   File "C:\Users\Mr Aditya\AppData\Roaming\Python\Python314\site-packages\websockets\asyncio\connection.py", line 324, in recv
    |     raise self.protocol.close_exc from self.recv_exc
    | websockets.exceptions.ConnectionClosedError: no close frame received or sent
    | 
    | During handling of the above exception, another exception occurred:
    | 
    | Traceback (most recent call last):
    |   File "C:\Aditya\Python\AI\Jarvis\main.py", line 1500, in _receive_audio
    |     async for response in self.session.receive():
    |     ...<126 lines>...
    |             tg_task.add_done_callback(self._pending_tool_tasks.discard)
    |   File "C:\Users\Mr Aditya\AppData\Roaming\Python\Python314\site-packages\google\genai\live.py", line 446, in receive
    |     while result := await self._receive():
    |                     ^^^^^^^^^^^^^^^^^^^^^
    |   File "C:\Users\Mr Aditya\AppData\Roaming\Python\Python314\site-packages\google\genai\live.py", line 537, in _receive
    |     errors.APIError.raise_error(code, reason, None)
    |     ~~~~~~~~~~~~~~~~~~~~~~~~~~~^^^^^^^^^^^^^^^^^^^^
    |   File "C:\Users\Mr Aditya\AppData\Roaming\Python\Python314\site-packages\google\genai\errors.py", line 188, in raise_error
    |     raise cls(status_code, response_json, response)
    | google.genai.errors.APIError: 1006 None. abnormal closure [internal]
    +---------------- 2 ----------------
    | Traceback (most recent call last):
    |   File "C:\Program Files\Python314\Lib\asyncio\windows_events.py", line 463, in finish_socket_func
    |     return ov.getresult()
    |            ~~~~~~~~~~~~^^
    | OSError: [WinError 64] The specified network name is no longer available
    | 
    | During handling of the above exception, another exception occurred:
    | 
    | Traceback (most recent call last):
    |   File "C:\Users\Mr Aditya\AppData\Roaming\Python\Python314\site-packages\websockets\asyncio\connection.py", line 921, in send_context
    |     await self.drain()
    |   File "C:\Users\Mr Aditya\AppData\Roaming\Python\Python314\site-packages\websockets\asyncio\connection.py", line 1080, in drain
    |     await waiter
    |   File "C:\Program Files\Python314\Lib\asyncio\proactor_events.py", line 383, in _loop_writing
    |     f.result()
    |     ~~~~~~~~^^
    |   File "C:\Program Files\Python314\Lib\asyncio\windows_events.py", line 807, in _poll
    |     value = callback(transferred, key, ov)
    |   File "C:\Program Files\Python314\Lib\asyncio\windows_events.py", line 467, in finish_socket_func
    |     raise ConnectionResetError(*exc.args)
    | ConnectionResetError: [WinError 64] The specified network name is no longer available
    | 
    | The above exception was the direct cause of the following exception:
    | 
    | Traceback (most recent call last):
    |   File "C:\Aditya\Python\AI\Jarvis\main.py", line 1461, in _send_realtime
    |     await self.session.send_realtime_input(media=msg)
    |   File "C:\Users\Mr Aditya\AppData\Roaming\Python\Python314\site-packages\google\genai\live.py", line 336, in send_realtime_input
    |     await self._ws.send(json.dumps({'realtime_input': realtime_input_dict}))
    |   File "C:\Users\Mr Aditya\AppData\Roaming\Python\Python314\site-packages\websockets\asyncio\connection.py", line 479, in send
    |     async with self.send_context():
    |                ~~~~~~~~~~~~~~~~~^^
    |   File "C:\Program Files\Python314\Lib\contextlib.py", line 221, in __aexit__
    |     await anext(self.gen)
    |   File "C:\Users\Mr Aditya\AppData\Roaming\Python\Python314\site-packages\websockets\asyncio\connection.py", line 966, in send_context
    |     raise self.protocol.close_exc from original_exc
    | websockets.exceptions.ConnectionClosedError: no close frame received or sent
    +------------------------------------
[JARVIS] Reconnecting in 3s...
[JARVIS] Connecting...
[JARVIS] Error (gaierror): [Errno 11001] getaddrinfo failed
Traceback (most recent call last):
  File "C:\Aditya\Python\AI\Jarvis\main.py", line 1928, in run
    client.aio.live.connect(model=LIVE_MODEL, config=config) as session,
    ~~~~~~~~~~~~~~~~~~~~~~~^^^^^^^^^^^^^^^^^^^^^^^^^^^^^^^^^
  File "C:\Program Files\Python314\Lib\contextlib.py", line 214, in __aenter__
    return await anext(self.gen)
           ^^^^^^^^^^^^^^^^^^^^^
  File "C:\Users\Mr Aditya\AppData\Roaming\Python\Python314\site-packages\google\genai\live.py", line 1091, in connect
    async with ws_connect(
               ~~~~~~~~~~^
        uri, additional_headers=headers, **self._api_client._websocket_ssl_ctx
        ^^^^^^^^^^^^^^^^^^^^^^^^^^^^^^^^^^^^^^^^^^^^^^^^^^^^^^^^^^^^^^^^^^^^^^
    ) as ws:
    ^
  File "C:\Users\Mr Aditya\AppData\Roaming\Python\Python314\site-packages\websockets\asyncio\client.py", line 601, in __aenter__
    return await self
           ^^^^^^^^^^
  File "C:\Users\Mr Aditya\AppData\Roaming\Python\Python314\site-packages\websockets\asyncio\client.py", line 555, in __await_impl__
    self.connection = await self.create_connection()
                      ^^^^^^^^^^^^^^^^^^^^^^^^^^^^^^
  File "C:\Users\Mr Aditya\AppData\Roaming\Python\Python314\site-packages\websockets\asyncio\client.py", line 470, in create_connection
    _, connection = await loop.create_connection(factory, **kwargs)
                    ^^^^^^^^^^^^^^^^^^^^^^^^^^^^^^^^^^^^^^^^^^^^^^^
  File "C:\Program Files\Python314\Lib\asyncio\base_events.py", line 1120, in create_connection
    infos = await self._ensure_resolved(
            ^^^^^^^^^^^^^^^^^^^^^^^^^^^^
        (host, port), family=family,
        ^^^^^^^^^^^^^^^^^^^^^^^^^^^^
        type=socket.SOCK_STREAM, proto=proto, flags=flags, loop=self)
        ^^^^^^^^^^^^^^^^^^^^^^^^^^^^^^^^^^^^^^^^^^^^^^^^^^^^^^^^^^^^^
  File "C:\Program Files\Python314\Lib\asyncio\base_events.py", line 1516, in _ensure_resolved
    return await loop.getaddrinfo(host, port, family=family, type=type,
           ^^^^^^^^^^^^^^^^^^^^^^^^^^^^^^^^^^^^^^^^^^^^^^^^^^^^^^^^^^^^
                                  proto=proto, flags=flags)
                                  ^^^^^^^^^^^^^^^^^^^^^^^^^
  File "C:\Program Files\Python314\Lib\asyncio\base_events.py", line 937, in getaddrinfo
    return await self.run_in_executor(
           ^^^^^^^^^^^^^^^^^^^^^^^^^^^
        None, getaddr_func, host, port, family, type, proto, flags)
        ^^^^^^^^^^^^^^^^^^^^^^^^^^^^^^^^^^^^^^^^^^^^^^^^^^^^^^^^^^^
  File "C:\Program Files\Python314\Lib\concurrent\futures\thread.py", line 86, in run
    result = ctx.run(self.task)
  File "C:\Program Files\Python314\Lib\concurrent\futures\thread.py", line 73, in run
    return fn(*args, **kwargs)
  File "C:\Program Files\Python314\Lib\socket.py", line 989, in getaddrinfo
    for res in _socket.getaddrinfo(host, port, family, type, proto, flags):
               ~~~~~~~~~~~~~~~~~~~^^^^^^^^^^^^^^^^^^^^^^^^^^^^^^^^^^^^^^^^
socket.gaierror: [Errno 11001] getaddrinfo failed
[JARVIS] Reconnecting in 6s...
[JARVIS] Connecting...
[JARVIS] Error (gaierror): [Errno 11001] getaddrinfo failed
Traceback (most recent call last):
  File "C:\Aditya\Python\AI\Jarvis\main.py", line 1928, in run
    client.aio.live.connect(model=LIVE_MODEL, config=config) as session,
    ~~~~~~~~~~~~~~~~~~~~~~~^^^^^^^^^^^^^^^^^^^^^^^^^^^^^^^^^
  File "C:\Program Files\Python314\Lib\contextlib.py", line 214, in __aenter__
    return await anext(self.gen)
           ^^^^^^^^^^^^^^^^^^^^^
  File "C:\Users\Mr Aditya\AppData\Roaming\Python\Python314\site-packages\google\genai\live.py", line 1091, in connect
    async with ws_connect(
               ~~~~~~~~~~^
        uri, additional_headers=headers, **self._api_client._websocket_ssl_ctx
        ^^^^^^^^^^^^^^^^^^^^^^^^^^^^^^^^^^^^^^^^^^^^^^^^^^^^^^^^^^^^^^^^^^^^^^
    ) as ws:
    ^
  File "C:\Users\Mr Aditya\AppData\Roaming\Python\Python314\site-packages\websockets\asyncio\client.py", line 601, in __aenter__
    return await self
           ^^^^^^^^^^
  File "C:\Users\Mr Aditya\AppData\Roaming\Python\Python314\site-packages\websockets\asyncio\client.py", line 555, in __await_impl__
    self.connection = await self.create_connection()
                      ^^^^^^^^^^^^^^^^^^^^^^^^^^^^^^
  File "C:\Users\Mr Aditya\AppData\Roaming\Python\Python314\site-packages\websockets\asyncio\client.py", line 470, in create_connection
    _, connection = await loop.create_connection(factory, **kwargs)
                    ^^^^^^^^^^^^^^^^^^^^^^^^^^^^^^^^^^^^^^^^^^^^^^^
  File "C:\Program Files\Python314\Lib\asyncio\base_events.py", line 1120, in create_connection
    infos = await self._ensure_resolved(
            ^^^^^^^^^^^^^^^^^^^^^^^^^^^^
        (host, port), family=family,
        ^^^^^^^^^^^^^^^^^^^^^^^^^^^^
        type=socket.SOCK_STREAM, proto=proto, flags=flags, loop=self)
        ^^^^^^^^^^^^^^^^^^^^^^^^^^^^^^^^^^^^^^^^^^^^^^^^^^^^^^^^^^^^^
  File "C:\Program Files\Python314\Lib\asyncio\base_events.py", line 1516, in _ensure_resolved
    return await loop.getaddrinfo(host, port, family=family, type=type,
           ^^^^^^^^^^^^^^^^^^^^^^^^^^^^^^^^^^^^^^^^^^^^^^^^^^^^^^^^^^^^
                                  proto=proto, flags=flags)
                                  ^^^^^^^^^^^^^^^^^^^^^^^^^
  File "C:\Program Files\Python314\Lib\asyncio\base_events.py", line 937, in getaddrinfo
    return await self.run_in_executor(
           ^^^^^^^^^^^^^^^^^^^^^^^^^^^
        None, getaddr_func, host, port, family, type, proto, flags)
        ^^^^^^^^^^^^^^^^^^^^^^^^^^^^^^^^^^^^^^^^^^^^^^^^^^^^^^^^^^^
  File "C:\Program Files\Python314\Lib\concurrent\futures\thread.py", line 86, in run
    result = ctx.run(self.task)
  File "C:\Program Files\Python314\Lib\concurrent\futures\thread.py", line 73, in run
    return fn(*args, **kwargs)
  File "C:\Program Files\Python314\Lib\socket.py", line 989, in getaddrinfo
    for res in _socket.getaddrinfo(host, port, family, type, proto, flags):
               ~~~~~~~~~~~~~~~~~~~^^^^^^^^^^^^^^^^^^^^^^^^^^^^^^^^^^^^^^^^
socket.gaierror: [Errno 11001] getaddrinfo failed
[JARVIS] Reconnecting in 12s...
[JARVIS] Connecting...
[JARVIS] Connected.
[JARVIS] 🎤 Mic started
[JARVIS] 🎤 Mic stream open
[JARVIS] 👂 Recv started
[JARVIS] 🔊 Play started
[JARVIS] 📞 self_engineer
[JARVIS] 🔧 self_engineer  {'action': 'analyze'}
[TriggerDetector] Input: 'analyze'
[TriggerDetector] Normalized: 'analyze'
[TriggerDetector] Stage 1: Pattern matching...
[TriggerDetector] Stage 1: No pattern matched
[TriggerDetector] Stage 2: Tool name check...
[TriggerDetector] Stage 2: No tool matched
[TriggerDetector] Stage 3: Keyword check...
[TriggerDetector] Matched Keywords: [] (count: 0)
[TriggerDetector] Stage 3: Insufficient keywords (need >= 2)
[TriggerDetector] Stage 4: AI semantic analysis...
[JARVIS] 🤖 Self-improvement trigger detected: general (confidence: 0.75)
[Self-Engineering] [  5%] [Trigger Detection] Starting autonomous self-engineering pipeline
[StatusReporter] Memory output failed: cannot import name 'update_memory' from 'memory' (C:\Aditya\Python\AI\Jarvis\memory\__init__.py)
[Self-Engineering] [  5%] [Trigger Detection] Detecting self-improvement intent
[StatusReporter] Memory output failed: cannot import name 'update_memory' from 'memory' (C:\Aditya\Python\AI\Jarvis\memory\__init__.py)
[TriggerDetector] Input: 'analyze'
[TriggerDetector] Normalized: 'analyze'
[TriggerDetector] Stage 1: Pattern matching...
[TriggerDetector] Stage 1: No pattern matched
[TriggerDetector] Stage 2: Tool name check...
[TriggerDetector] Stage 2: No tool matched
[TriggerDetector] Stage 3: Keyword check...
[TriggerDetector] Matched Keywords: [] (count: 0)
[TriggerDetector] Stage 3: Insufficient keywords (need >= 2)
[TriggerDetector] Stage 4: AI semantic analysis...
[Self-Engineering] [ 10%] [Trigger Detection] No self-improvement intent detected
[StatusReporter] Memory output failed: cannot import name 'update_memory' from 'memory' (C:\Aditya\Python\AI\Jarvis\memory\__init__.py)
[JARVIS] 📞 code_helper
[JARVIS] 🔧 code_helper  {'action': 'write', 'output_path': 'calculator_ui.py', 'description': 'Create a calculator with a graphical user interface (UI)', 'language': 'python'}
[TriggerDetector] Input: 'write calculator_ui.py Create a calculator with a graphical user interface (UI) python'
[TriggerDetector] Normalized: 'write calculator_ui.py create a calculator with a graphical user interface (ui) python'
[TriggerDetector] Stage 1: Pattern matching...
[TriggerDetector] Stage 1: No pattern matched
[TriggerDetector] Stage 2: Tool name check...
[TriggerDetector] Stage 2: No tool matched
[TriggerDetector] Stage 3: Keyword check...
[TriggerDetector] Matched Keywords: [] (count: 0)
[TriggerDetector] Stage 3: Insufficient keywords (need >= 2)
[TriggerDetector] Stage 4: AI semantic analysis...
[JARVIS] 🤖 Self-improvement trigger detected: general (confidence: 0.75)
[Self-Engineering] [  5%] [Trigger Detection] Starting autonomous self-engineering pipeline
[StatusReporter] Memory output failed: cannot import name 'update_memory' from 'memory' (C:\Aditya\Python\AI\Jarvis\memory\__init__.py)
[Self-Engineering] [  5%] [Trigger Detection] Detecting self-improvement intent
[StatusReporter] Memory output failed: cannot import name 'update_memory' from 'memory' (C:\Aditya\Python\AI\Jarvis\memory\__init__.py)
[TriggerDetector] Input: 'write calculator_ui.py Create a calculator with a graphical user interface (UI) python'
[TriggerDetector] Normalized: 'write calculator_ui.py create a calculator with a graphical user interface (ui) python'
[TriggerDetector] Stage 1: Pattern matching...
[TriggerDetector] Stage 1: No pattern matched
[TriggerDetector] Stage 2: Tool name check...
[TriggerDetector] Stage 2: No tool matched
[TriggerDetector] Stage 3: Keyword check...
[TriggerDetector] Matched Keywords: [] (count: 0)
[TriggerDetector] Stage 3: Insufficient keywords (need >= 2)
[TriggerDetector] Stage 4: AI semantic analysis...
[Self-Engineering] [ 10%] [Trigger Detection] No self-improvement intent detected
[StatusReporter] Memory output failed: cannot import name 'update_memory' from 'memory' (C:\Aditya\Python\AI\Jarvis\memory\__init__.py)
Exception in callback Queue.put_nowait()
handle: <_ThreadSafeHandle Queue.put_nowait()>
Traceback (most recent call last):
  File "C:\Program Files\Python314\Lib\asyncio\events.py", line 94, in _run
    self._context.run(self._callback, *self._args)
    ~~~~~~~~~~~~~~~~~^^^^^^^^^^^^^^^^^^^^^^^^^^^^^
  File "C:\Program Files\Python314\Lib\asyncio\queues.py", line 166, in put_nowait
    raise QueueFull
asyncio.queues.QueueFull
Exception in callback Queue.put_nowait()
handle: <_ThreadSafeHandle Queue.put_nowait()>
Traceback (most recent call last):
  File "C:\Program Files\Python314\Lib\asyncio\events.py", line 94, in _run
    self._context.run(self._callback, *self._args)
    ~~~~~~~~~~~~~~~~~^^^^^^^^^^^^^^^^^^^^^^^^^^^^^
  File "C:\Program Files\Python314\Lib\asyncio\queues.py", line 166, in put_nowait
    raise QueueFull
asyncio.queues.QueueFull
Exception in callback Queue.put_nowait()
handle: <_ThreadSafeHandle Queue.put_nowait()>
Traceback (most recent call last):
  File "C:\Program Files\Python314\Lib\asyncio\events.py", line 94, in _run
    self._context.run(self._callback, *self._args)
    ~~~~~~~~~~~~~~~~~^^^^^^^^^^^^^^^^^^^^^^^^^^^^^
  File "C:\Program Files\Python314\Lib\asyncio\queues.py", line 166, in put_nowait
    raise QueueFull
asyncio.queues.QueueFull
Exception in callback Queue.put_nowait()
handle: <_ThreadSafeHandle Queue.put_nowait()>
Traceback (most recent call last):
  File "C:\Program Files\Python314\Lib\asyncio\events.py", line 94, in _run
    self._context.run(self._callback, *self._args)
    ~~~~~~~~~~~~~~~~~^^^^^^^^^^^^^^^^^^^^^^^^^^^^^
  File "C:\Program Files\Python314\Lib\asyncio\queues.py", line 166, in put_nowait
    raise QueueFull
asyncio.queues.QueueFull
Exception in callback Queue.put_nowait()
handle: <_ThreadSafeHandle Queue.put_nowait()>
Traceback (most recent call last):
  File "C:\Program Files\Python314\Lib\asyncio\events.py", line 94, in _run
    self._context.run(self._callback, *self._args)
    ~~~~~~~~~~~~~~~~~^^^^^^^^^^^^^^^^^^^^^^^^^^^^^
  File "C:\Program Files\Python314\Lib\asyncio\queues.py", line 166, in put_nowait
    raise QueueFull
asyncio.queues.QueueFull
Exception in callback Queue.put_nowait()
handle: <_ThreadSafeHandle Queue.put_nowait()>
Traceback (most recent call last):
  File "C:\Program Files\Python314\Lib\asyncio\events.py", line 94, in _run
    self._context.run(self._callback, *self._args)
    ~~~~~~~~~~~~~~~~~^^^^^^^^^^^^^^^^^^^^^^^^^^^^^
  File "C:\Program Files\Python314\Lib\asyncio\queues.py", line 166, in put_nowait
    raise QueueFull
asyncio.queues.QueueFull
Exception in callback Queue.put_nowait()
handle: <_ThreadSafeHandle Queue.put_nowait()>
Traceback (most recent call last):
  File "C:\Program Files\Python314\Lib\asyncio\events.py", line 94, in _run
    self._context.run(self._callback, *self._args)
    ~~~~~~~~~~~~~~~~~^^^^^^^^^^^^^^^^^^^^^^^^^^^^^
  File "C:\Program Files\Python314\Lib\asyncio\queues.py", line 166, in put_nowait
    raise QueueFull
asyncio.queues.QueueFull
Exception in callback Queue.put_nowait()
handle: <_ThreadSafeHandle Queue.put_nowait()>
Traceback (most recent call last):
  File "C:\Program Files\Python314\Lib\asyncio\events.py", line 94, in _run
    self._context.run(self._callback, *self._args)
    ~~~~~~~~~~~~~~~~~^^^^^^^^^^^^^^^^^^^^^^^^^^^^^
  File "C:\Program Files\Python314\Lib\asyncio\queues.py", line 166, in put_nowait
    raise QueueFull
asyncio.queues.QueueFull
Exception in callback Queue.put_nowait()
handle: <_ThreadSafeHandle Queue.put_nowait()>
Traceback (most recent call last):
  File "C:\Program Files\Python314\Lib\asyncio\events.py", line 94, in _run
    self._context.run(self._callback, *self._args)
    ~~~~~~~~~~~~~~~~~^^^^^^^^^^^^^^^^^^^^^^^^^^^^^
  File "C:\Program Files\Python314\Lib\asyncio\queues.py", line 166, in put_nowait
    raise QueueFull
asyncio.queues.QueueFull
Exception in callback Queue.put_nowait()
handle: <_ThreadSafeHandle Queue.put_nowait()>
Traceback (most recent call last):
  File "C:\Program Files\Python314\Lib\asyncio\events.py", line 94, in _run
    self._context.run(self._callback, *self._args)
    ~~~~~~~~~~~~~~~~~^^^^^^^^^^^^^^^^^^^^^^^^^^^^^
  File "C:\Program Files\Python314\Lib\asyncio\queues.py", line 166, in put_nowait
    raise QueueFull
asyncio.queues.QueueFull
Exception in callback Queue.put_nowait()
handle: <_ThreadSafeHandle Queue.put_nowait()>
Traceback (most recent call last):
  File "C:\Program Files\Python314\Lib\asyncio\events.py", line 94, in _run
    self._context.run(self._callback, *self._args)
    ~~~~~~~~~~~~~~~~~^^^^^^^^^^^^^^^^^^^^^^^^^^^^^
  File "C:\Program Files\Python314\Lib\asyncio\queues.py", line 166, in put_nowait
    raise QueueFull
asyncio.queues.QueueFull
Exception in callback Queue.put_nowait()
handle: <_ThreadSafeHandle Queue.put_nowait()>
Traceback (most recent call last):
  File "C:\Program Files\Python314\Lib\asyncio\events.py", line 94, in _run
    self._context.run(self._callback, *self._args)
    ~~~~~~~~~~~~~~~~~^^^^^^^^^^^^^^^^^^^^^^^^^^^^^
  File "C:\Program Files\Python314\Lib\asyncio\queues.py", line 166, in put_nowait
    raise QueueFull
asyncio.queues.QueueFull
Exception in callback Queue.put_nowait()
handle: <_ThreadSafeHandle Queue.put_nowait()>
Traceback (most recent call last):
  File "C:\Program Files\Python314\Lib\asyncio\events.py", line 94, in _run
    self._context.run(self._callback, *self._args)
    ~~~~~~~~~~~~~~~~~^^^^^^^^^^^^^^^^^^^^^^^^^^^^^
  File "C:\Program Files\Python314\Lib\asyncio\queues.py", line 166, in put_nowait
    raise QueueFull
asyncio.queues.QueueFull
Exception in callback Queue.put_nowait()
handle: <_ThreadSafeHandle Queue.put_nowait()>
Traceback (most recent call last):
  File "C:\Program Files\Python314\Lib\asyncio\events.py", line 94, in _run
    self._context.run(self._callback, *self._args)
    ~~~~~~~~~~~~~~~~~^^^^^^^^^^^^^^^^^^^^^^^^^^^^^
  File "C:\Program Files\Python314\Lib\asyncio\queues.py", line 166, in put_nowait
    raise QueueFull
asyncio.queues.QueueFull
Exception in callback Queue.put_nowait()
handle: <_ThreadSafeHandle Queue.put_nowait()>
Traceback (most recent call last):
  File "C:\Program Files\Python314\Lib\asyncio\events.py", line 94, in _run
    self._context.run(self._callback, *self._args)
    ~~~~~~~~~~~~~~~~~^^^^^^^^^^^^^^^^^^^^^^^^^^^^^
  File "C:\Program Files\Python314\Lib\asyncio\queues.py", line 166, in put_nowait
    raise QueueFull
asyncio.queues.QueueFull
Exception in callback Queue.put_nowait()
handle: <_ThreadSafeHandle Queue.put_nowait()>
Traceback (most recent call last):
  File "C:\Program Files\Python314\Lib\asyncio\events.py", line 94, in _run
    self._context.run(self._callback, *self._args)
    ~~~~~~~~~~~~~~~~~^^^^^^^^^^^^^^^^^^^^^^^^^^^^^
  File "C:\Program Files\Python314\Lib\asyncio\queues.py", line 166, in put_nowait
    raise QueueFull
asyncio.queues.QueueFull
Exception in callback Queue.put_nowait()
handle: <_ThreadSafeHandle Queue.put_nowait()>
Traceback (most recent call last):
  File "C:\Program Files\Python314\Lib\asyncio\events.py", line 94, in _run
    self._context.run(self._callback, *self._args)
    ~~~~~~~~~~~~~~~~~^^^^^^^^^^^^^^^^^^^^^^^^^^^^^
  File "C:\Program Files\Python314\Lib\asyncio\queues.py", line 166, in put_nowait
    raise QueueFull
asyncio.queues.QueueFull
Exception in callback Queue.put_nowait()
handle: <_ThreadSafeHandle Queue.put_nowait()>
Traceback (most recent call last):
  File "C:\Program Files\Python314\Lib\asyncio\events.py", line 94, in _run
    self._context.run(self._callback, *self._args)
    ~~~~~~~~~~~~~~~~~^^^^^^^^^^^^^^^^^^^^^^^^^^^^^
  File "C:\Program Files\Python314\Lib\asyncio\queues.py", line 166, in put_nowait
    raise QueueFull
asyncio.queues.QueueFull
Exception in callback Queue.put_nowait()
handle: <_ThreadSafeHandle Queue.put_nowait()>
Traceback (most recent call last):
  File "C:\Program Files\Python314\Lib\asyncio\events.py", line 94, in _run
    self._context.run(self._callback, *self._args)
    ~~~~~~~~~~~~~~~~~^^^^^^^^^^^^^^^^^^^^^^^^^^^^^
  File "C:\Program Files\Python314\Lib\asyncio\queues.py", line 166, in put_nowait
    raise QueueFull
asyncio.queues.QueueFull
Exception in callback Queue.put_nowait()
handle: <_ThreadSafeHandle Queue.put_nowait()>
Traceback (most recent call last):
  File "C:\Program Files\Python314\Lib\asyncio\events.py", line 94, in _run
    self._context.run(self._callback, *self._args)
    ~~~~~~~~~~~~~~~~~^^^^^^^^^^^^^^^^^^^^^^^^^^^^^
  File "C:\Program Files\Python314\Lib\asyncio\queues.py", line 166, in put_nowait
    raise QueueFull
asyncio.queues.QueueFull
Exception in callback Queue.put_nowait()
handle: <_ThreadSafeHandle Queue.put_nowait()>
Traceback (most recent call last):
  File "C:\Program Files\Python314\Lib\asyncio\events.py", line 94, in _run
    self._context.run(self._callback, *self._args)
    ~~~~~~~~~~~~~~~~~^^^^^^^^^^^^^^^^^^^^^^^^^^^^^
  File "C:\Program Files\Python314\Lib\asyncio\queues.py", line 166, in put_nowait
    raise QueueFull
asyncio.queues.QueueFull
Exception in callback Queue.put_nowait()
handle: <_ThreadSafeHandle Queue.put_nowait()>
Traceback (most recent call last):
  File "C:\Program Files\Python314\Lib\asyncio\events.py", line 94, in _run
    self._context.run(self._callback, *self._args)
    ~~~~~~~~~~~~~~~~~^^^^^^^^^^^^^^^^^^^^^^^^^^^^^
  File "C:\Program Files\Python314\Lib\asyncio\queues.py", line 166, in put_nowait
    raise QueueFull
asyncio.queues.QueueFull
Exception in callback Queue.put_nowait()
handle: <_ThreadSafeHandle Queue.put_nowait()>
Traceback (most recent call last):
  File "C:\Program Files\Python314\Lib\asyncio\events.py", line 94, in _run
    self._context.run(self._callback, *self._args)
    ~~~~~~~~~~~~~~~~~^^^^^^^^^^^^^^^^^^^^^^^^^^^^^
  File "C:\Program Files\Python314\Lib\asyncio\queues.py", line 166, in put_nowait
    raise QueueFull
asyncio.queues.QueueFull
Exception in callback Queue.put_nowait()
handle: <_ThreadSafeHandle Queue.put_nowait()>
Traceback (most recent call last):
  File "C:\Program Files\Python314\Lib\asyncio\events.py", line 94, in _run
    self._context.run(self._callback, *self._args)
    ~~~~~~~~~~~~~~~~~^^^^^^^^^^^^^^^^^^^^^^^^^^^^^
  File "C:\Program Files\Python314\Lib\asyncio\queues.py", line 166, in put_nowait
    raise QueueFull
asyncio.queues.QueueFull
Exception in callback Queue.put_nowait()
handle: <_ThreadSafeHandle Queue.put_nowait()>
Traceback (most recent call last):
  File "C:\Program Files\Python314\Lib\asyncio\events.py", line 94, in _run
    self._context.run(self._callback, *self._args)
    ~~~~~~~~~~~~~~~~~^^^^^^^^^^^^^^^^^^^^^^^^^^^^^
  File "C:\Program Files\Python314\Lib\asyncio\queues.py", line 166, in put_nowait
    raise QueueFull
asyncio.queues.QueueFull
Exception in callback Queue.put_nowait()
handle: <_ThreadSafeHandle Queue.put_nowait()>
Traceback (most recent call last):
  File "C:\Program Files\Python314\Lib\asyncio\events.py", line 94, in _run
    self._context.run(self._callback, *self._args)
    ~~~~~~~~~~~~~~~~~^^^^^^^^^^^^^^^^^^^^^^^^^^^^^
  File "C:\Program Files\Python314\Lib\asyncio\queues.py", line 166, in put_nowait
    raise QueueFull
asyncio.queues.QueueFull
Traceback (most recent call last):
  File "C:\Aditya\Python\AI\Jarvis\main.py", line 2058, in <module>
    asyncio.run(main())
    ~~~~~~~~~~~^^^^^^^^
  File "C:\Program Files\Python314\Lib\asyncio\runners.py", line 205, in run
    return runner.run(main)
           ~~~~~~~~~~^^^^^^
  File "C:\Program Files\Python314\Lib\asyncio\runners.py", line 104, in run
    raise TypeError('An asyncio.Future, a coroutine or an '
                    'awaitable is required')
TypeError: An asyncio.Future, a coroutine or an awaitable is required
Traceback (most recent call last):
  File "C:\Aditya\Python\AI\Jarvis\main.py", line 2058, in <module>
    asyncio.run(main())
    ~~~~~~~~~~~^^^^^^^^
  File "C:\Program Files\Python314\Lib\asyncio\runners.py", line 205, in run
    return runner.run(main)
           ~~~~~~~~~~^^^^^^
  File "C:\Program Files\Python314\Lib\asyncio\runners.py", line 104, in run
    raise TypeError('An asyncio.Future, a coroutine or an '
                    'awaitable is required')
TypeError: An asyncio.Future, a coroutine or an awaitable is required
